Wed Mar 11 21:14:01 UTC 2026: Site is UP (200)
Wed Mar 11 21:15:01 UTC 2026: Site is DOWN (000). Restarting...
devops-lab_app-web_1
Wed Mar 11 21:16:01 UTC 2026: Site is UP (200)
Wed Mar 11 21:17:01 UTC 2026: Site is UP (200)
Wed Mar 11 21:18:01 UTC 2026: Site is UP (200)
Wed Mar 11 21:19:01 UTC 2026: Site is UP (200)
Wed Mar 11 21:20:01 UTC 2026: Site is UP (200)
Wed Mar 11 21:21:01 UTC 2026: Site is UP (200)
Wed Mar 11 21:22:01 UTC 2026: Site is UP (200)
Wed Mar 11 21:23:01 UTC 2026: Site is UP (200)
Wed Mar 11 21:24:01 UTC 2026: Site is UP (200)
Wed Mar 11 21:25:01 UTC 2026: Site is UP (200)
Wed Mar 11 21:26:01 UTC 2026: Site is UP (200)
Wed Mar 11 21:27:01 UTC 2026: Site is UP (200)
Wed Mar 11 21:28:01 UTC 2026: Site is UP (200)
Wed Mar 11 21:29:01 UTC 2026: Site is UP (200)
Wed Mar 11 21:30:02 UTC 2026: Site is UP (200)
Wed Mar 11 21:31:01 UTC 2026: Site is UP (200)
Wed Mar 11 21:32:01 UTC 2026: Site is UP (200)
Wed Mar 11 21:33:01 UTC 2026: Site is UP (200)
Wed Mar 11 21:34:01 UTC 2026: Site is UP (200)
Wed Mar 11 21:35:01 UTC 2026: Site is UP (200)
Wed Mar 11 21:36:01 UTC 2026: Site is UP (200)
Wed Mar 11 21:37:01 UTC 2026: Site is UP (200)
Wed Mar 11 21:38:01 UTC 2026: Site is UP (200)
Wed Mar 11 21:39:01 UTC 2026: Site is UP (200)
Wed Mar 11 21:40:01 UTC 2026: Site is UP (200)
Wed Mar 11 21:41:01 UTC 2026: Site is UP (200)
Wed Mar 11 21:42:01 UTC 2026: Site is UP (200)
Wed Mar 11 21:43:01 UTC 2026: Site is UP (200)
Wed Mar 11 21:44:01 UTC 2026: Site is UP (200)
Wed Mar 11 21:45:01 UTC 2026: Site is UP (200)
Wed Mar 11 21:46:01 UTC 2026: Site is UP (200)
Wed Mar 11 21:47:01 UTC 2026: Site is UP (200)
Wed Mar 11 21:48:01 UTC 2026: Site is UP (200)
Wed Mar 11 21:49:01 UTC 2026: Site is UP (200)
Wed Mar 11 21:50:01 UTC 2026: Site is UP (200)
Wed Mar 11 21:51:01 UTC 2026: Site is UP (200)
Wed Mar 11 21:52:01 UTC 2026: Site is UP (200)
Wed Mar 11 21:53:01 UTC 2026: Site is UP (200)
Wed Mar 11 21:54:01 UTC 2026: Site is UP (200)
Wed Mar 11 21:55:01 UTC 2026: Site is UP (200)
Wed Mar 11 21:56:01 UTC 2026: Site is UP (200)
Wed Mar 11 21:57:01 UTC 2026: Site is UP (200)
Wed Mar 11 21:58:01 UTC 2026: Site is UP (200)
Wed Mar 11 21:59:02 UTC 2026: Site is UP (200)
Wed Mar 11 22:00:01 UTC 2026: Site is UP (200)
Wed Mar 11 22:01:01 UTC 2026: Site is UP (200)
Wed Mar 11 22:02:01 UTC 2026: Site is UP (200)
Wed Mar 11 22:03:01 UTC 2026: Site is UP (200)
Wed Mar 11 22:04:01 UTC 2026: Site is UP (200)
Wed Mar 11 22:05:01 UTC 2026: Site is UP (200)
Wed Mar 11 22:06:01 UTC 2026: Site is UP (200)
Wed Mar 11 22:07:01 UTC 2026: Site is UP (200)
Wed Mar 11 22:08:01 UTC 2026: Site is UP (200)
Wed Mar 11 22:09:01 UTC 2026: Site is UP (200)
Wed Mar 11 22:10:01 UTC 2026: Site is UP (200)
Wed Mar 11 22:11:01 UTC 2026: Site is UP (200)
Wed Mar 11 22:12:01 UTC 2026: Site is UP (200)
Wed Mar 11 22:13:01 UTC 2026: Site is UP (200)
Wed Mar 11 22:14:01 UTC 2026: Site is UP (200)
Wed Mar 11 22:15:01 UTC 2026: Site is UP (200)
Wed Mar 11 22:16:01 UTC 2026: Site is UP (200)
Wed Mar 11 22:17:01 UTC 2026: Site is UP (200)
Wed Mar 11 22:18:01 UTC 2026: Site is UP (200)
Wed Mar 11 22:19:01 UTC 2026: Site is UP (200)
Wed Mar 11 22:20:01 UTC 2026: Site is UP (200)
Wed Mar 11 22:21:01 UTC 2026: Site is UP (200)
Wed Mar 11 22:22:01 UTC 2026: Site is UP (200)
Wed Mar 11 22:23:01 UTC 2026: Site is UP (200)
Wed Mar 11 22:24:01 UTC 2026: Site is UP (200)
Wed Mar 11 22:25:01 UTC 2026: Site is UP (200)
Wed Mar 11 22:26:01 UTC 2026: Site is UP (200)
Wed Mar 11 22:27:01 UTC 2026: Site is UP (200)
Wed Mar 11 22:28:01 UTC 2026: Site is UP (200)
Wed Mar 11 22:29:02 UTC 2026: Site is UP (200)
Wed Mar 11 22:30:01 UTC 2026: Site is UP (200)
Wed Mar 11 22:31:01 UTC 2026: Site is UP (200)
Wed Mar 11 22:32:01 UTC 2026: Site is UP (200)
Wed Mar 11 22:33:01 UTC 2026: Site is UP (200)
Wed Mar 11 22:34:01 UTC 2026: Site is UP (200)
Wed Mar 11 22:35:01 UTC 2026: Site is UP (200)
Wed Mar 11 22:36:01 UTC 2026: Site is UP (200)
Wed Mar 11 22:37:01 UTC 2026: Site is UP (200)
Wed Mar 11 22:38:01 UTC 2026: Site is UP (200)
Wed Mar 11 22:39:01 UTC 2026: Site is UP (200)
Wed Mar 11 22:40:01 UTC 2026: Site is UP (200)
Wed Mar 11 22:41:01 UTC 2026: Site is UP (200)
Wed Mar 11 22:42:01 UTC 2026: Site is UP (200)
Wed Mar 11 22:43:01 UTC 2026: Site is UP (200)
Wed Mar 11 22:44:01 UTC 2026: Site is UP (200)
Wed Mar 11 22:45:01 UTC 2026: Site is UP (200)
Wed Mar 11 22:46:01 UTC 2026: Site is UP (200)
Wed Mar 11 22:47:01 UTC 2026: Site is UP (200)
Wed Mar 11 22:48:01 UTC 2026: Site is UP (200)
Wed Mar 11 22:49:01 UTC 2026: Site is UP (200)
Wed Mar 11 22:50:01 UTC 2026: Site is UP (200)
Wed Mar 11 22:51:01 UTC 2026: Site is UP (200)
Wed Mar 11 22:52:01 UTC 2026: Site is UP (200)
Wed Mar 11 22:53:01 UTC 2026: Site is UP (200)
Wed Mar 11 22:54:01 UTC 2026: Site is UP (200)
Wed Mar 11 22:55:01 UTC 2026: Site is UP (200)
Wed Mar 11 22:56:01 UTC 2026: Site is UP (200)
Wed Mar 11 22:57:01 UTC 2026: Site is UP (200)
Wed Mar 11 22:58:01 UTC 2026: Site is UP (200)
Wed Mar 11 22:59:02 UTC 2026: Site is UP (200)
Wed Mar 11 23:00:01 UTC 2026: Site is UP (200)
Wed Mar 11 23:01:01 UTC 2026: Site is UP (200)
Wed Mar 11 23:02:01 UTC 2026: Site is UP (200)
Wed Mar 11 23:03:01 UTC 2026: Site is UP (200)
Wed Mar 11 23:04:01 UTC 2026: Site is UP (200)
Wed Mar 11 23:05:01 UTC 2026: Site is UP (200)
Wed Mar 11 23:06:01 UTC 2026: Site is UP (200)
Wed Mar 11 23:07:01 UTC 2026: Site is UP (200)
Wed Mar 11 23:08:01 UTC 2026: Site is UP (200)
Wed Mar 11 23:09:01 UTC 2026: Site is UP (200)
Wed Mar 11 23:10:01 UTC 2026: Site is UP (200)
Wed Mar 11 23:11:01 UTC 2026: Site is UP (200)
Wed Mar 11 23:12:01 UTC 2026: Site is UP (200)
Wed Mar 11 23:13:01 UTC 2026: Site is DOWN (000). Restarting...
devops-lab_app-web_1
Wed Mar 11 23:14:01 UTC 2026: Site is UP (200)
Wed Mar 11 23:15:01 UTC 2026: Site is UP (200)
Wed Mar 11 23:16:01 UTC 2026: Site is UP (200)
Wed Mar 11 23:17:01 UTC 2026: Site is UP (200)
Wed Mar 11 23:18:01 UTC 2026: Site is UP (200)
Wed Mar 11 23:19:01 UTC 2026: Site is UP (200)
Wed Mar 11 23:20:02 UTC 2026: Site is UP (200)
Wed Mar 11 23:21:01 UTC 2026: Site is UP (200)
Wed Mar 11 23:22:01 UTC 2026: Site is UP (200)
Wed Mar 11 23:23:01 UTC 2026: Site is UP (200)
Wed Mar 11 23:24:01 UTC 2026: Site is UP (200)
Wed Mar 11 23:25:01 UTC 2026: Site is UP (200)
Wed Mar 11 23:26:01 UTC 2026: Site is UP (200)
Wed Mar 11 23:27:01 UTC 2026: Site is UP (200)
Wed Mar 11 23:28:01 UTC 2026: Site is UP (200)
Wed Mar 11 23:29:01 UTC 2026: Site is UP (200)
Wed Mar 11 23:30:01 UTC 2026: Site is UP (200)
Wed Mar 11 23:31:01 UTC 2026: Site is UP (200)
Wed Mar 11 23:32:01 UTC 2026: Site is UP (200)
Wed Mar 11 23:33:01 UTC 2026: Site is UP (200)
Wed Mar 11 23:34:01 UTC 2026: Site is UP (200)
Wed Mar 11 23:35:01 UTC 2026: Site is UP (200)
Wed Mar 11 23:36:01 UTC 2026: Site is UP (200)
Wed Mar 11 23:37:01 UTC 2026: Site is UP (200)
Wed Mar 11 23:38:01 UTC 2026: Site is UP (200)
Wed Mar 11 23:39:01 UTC 2026: Site is UP (200)
Wed Mar 11 23:40:01 UTC 2026: Site is UP (200)
Wed Mar 11 23:41:01 UTC 2026: Site is DOWN (000). Restarting...
devops-lab_app-web_1
Wed Mar 11 23:42:01 UTC 2026: Site is UP (200)
Wed Mar 11 23:43:01 UTC 2026: Site is UP (200)
Wed Mar 11 23:44:01 UTC 2026: Site is UP (200)
Wed Mar 11 23:45:01 UTC 2026: Site is UP (200)
Wed Mar 11 23:46:01 UTC 2026: Site is UP (200)
Wed Mar 11 23:47:01 UTC 2026: Site is UP (200)
Wed Mar 11 23:48:01 UTC 2026: Site is UP (200)
Wed Mar 11 23:49:01 UTC 2026: Site is UP (200)
Wed Mar 11 23:50:01 UTC 2026: Site is UP (200)
Wed Mar 11 23:51:01 UTC 2026: Site is UP (200)
Wed Mar 11 23:52:01 UTC 2026: Site is UP (200)
Wed Mar 11 23:53:01 UTC 2026: Site is UP (200)
Wed Mar 11 23:54:01 UTC 2026: Site is UP (200)
Wed Mar 11 23:55:01 UTC 2026: Site is UP (200)
Wed Mar 11 23:56:01 UTC 2026: Site is UP (200)
Wed Mar 11 23:57:01 UTC 2026: Site is UP (200)
Wed Mar 11 23:58:01 UTC 2026: Site is UP (200)
Wed Mar 11 23:59:01 UTC 2026: Site is UP (200)
Thu Mar 12 00:00:01 UTC 2026: Site is UP (200)
Thu Mar 12 00:01:01 UTC 2026: Site is UP (200)
Thu Mar 12 00:02:01 UTC 2026: Site is UP (200)
Thu Mar 12 00:03:01 UTC 2026: Site is UP (200)
Thu Mar 12 00:04:01 UTC 2026: Site is UP (200)
Thu Mar 12 00:05:01 UTC 2026: Site is UP (200)
Thu Mar 12 00:06:02 UTC 2026: Site is UP (200)
Thu Mar 12 00:07:01 UTC 2026: Site is UP (200)
Thu Mar 12 00:08:01 UTC 2026: Site is UP (200)
Thu Mar 12 00:09:01 UTC 2026: Site is UP (200)
Thu Mar 12 00:10:01 UTC 2026: Site is UP (200)
Thu Mar 12 00:11:01 UTC 2026: Site is UP (200)
Thu Mar 12 00:12:01 UTC 2026: Site is UP (200)
Thu Mar 12 00:13:01 UTC 2026: Site is UP (200)
Thu Mar 12 00:14:01 UTC 2026: Site is UP (200)
Thu Mar 12 00:15:01 UTC 2026: Site is UP (200)
Thu Mar 12 00:16:01 UTC 2026: Site is UP (200)
Thu Mar 12 00:17:01 UTC 2026: Site is UP (200)
Thu Mar 12 00:18:01 UTC 2026: Site is UP (200)
Thu Mar 12 00:19:01 UTC 2026: Site is UP (200)
Thu Mar 12 00:20:01 UTC 2026: Site is UP (200)
Thu Mar 12 00:21:01 UTC 2026: Site is UP (200)
Thu Mar 12 00:22:01 UTC 2026: Site is UP (200)
Thu Mar 12 00:23:01 UTC 2026: Site is UP (200)
Thu Mar 12 00:24:01 UTC 2026: Site is UP (200)
Thu Mar 12 00:25:01 UTC 2026: Site is UP (200)
Thu Mar 12 00:26:01 UTC 2026: Site is UP (200)
Thu Mar 12 00:27:01 UTC 2026: Site is UP (200)
Thu Mar 12 00:28:01 UTC 2026: Site is UP (200)
Thu Mar 12 00:29:01 UTC 2026: Site is UP (200)
Thu Mar 12 00:30:01 UTC 2026: Site is UP (200)
Thu Mar 12 00:31:02 UTC 2026: Site is UP (200)
Thu Mar 12 00:32:01 UTC 2026: Site is UP (200)
Thu Mar 12 00:33:01 UTC 2026: Site is UP (200)
Thu Mar 12 00:34:01 UTC 2026: Site is UP (200)
Thu Mar 12 00:35:01 UTC 2026: Site is UP (200)
Thu Mar 12 00:36:01 UTC 2026: Site is UP (200)
Thu Mar 12 00:37:01 UTC 2026: Site is UP (200)
Thu Mar 12 00:40:01 UTC 2026: Site is DOWN (000). Restarting...
devops-lab_app-web_1
Thu Mar 12 00:41:01 UTC 2026: Site is UP (200)
Thu Mar 12 00:42:01 UTC 2026: Site is UP (200)
Thu Mar 12 00:43:01 UTC 2026: Site is UP (200)
Thu Mar 12 00:44:01 UTC 2026: Site is UP (200)
Thu Mar 12 00:45:01 UTC 2026: Site is UP (200)
Thu Mar 12 00:46:01 UTC 2026: Site is UP (200)
Thu Mar 12 00:47:01 UTC 2026: Site is DOWN (000). Restarting...
Thu Mar 12 00:48:01 UTC 2026: Site is DOWN (000). Restarting...
Thu Mar 12 00:49:01 UTC 2026: Site is DOWN (000). Restarting...
Thu Mar 12 00:50:01 UTC 2026: Site is DOWN (000). Restarting...
Thu Mar 12 00:51:01 UTC 2026: Site is DOWN (000). Restarting...
Thu Mar 12 00:52:01 UTC 2026: Site is DOWN (000). Restarting...
Thu Mar 12 00:53:01 UTC 2026: Site is DOWN (000). Restarting...
Thu Mar 12 00:54:02 UTC 2026: Site is DOWN (000). Restarting...
Thu Mar 12 00:55:01 UTC 2026: Site is DOWN (000). Restarting...
Thu Mar 12 00:56:01 UTC 2026: Site is DOWN (000). Restarting...
Thu Mar 12 10:12:02 UTC 2026: Site is DOWN (000). Restarting...
Thu Mar 12 10:13:01 UTC 2026: Site is DOWN (000). Restarting...
Thu Mar 12 10:14:01 UTC 2026: Site is DOWN (000). Restarting...
Thu Mar 12 10:15:01 UTC 2026: Site is DOWN (000). Restarting...
Thu Mar 12 10:16:01 UTC 2026: Site is DOWN (000). Restarting...
Thu Mar 12 10:17:01 UTC 2026: Site is DOWN (000). Restarting...
Thu Mar 12 10:18:01 UTC 2026: Site is DOWN (000). Restarting...
Thu Mar 12 15:28:01 UTC 2026: Site is DOWN (000). Restarting...
Thu Mar 12 15:29:01 UTC 2026: Site is DOWN (000). Restarting...
Thu Mar 12 15:30:01 UTC 2026: Site is DOWN (000). Restarting...
Thu Mar 12 15:31:01 UTC 2026: Site is DOWN (000). Restarting...
Thu Mar 12 15:32:01 UTC 2026: Site is DOWN (000). Restarting...
Thu Mar 12 15:33:01 UTC 2026: Site is DOWN (000). Restarting...
Thu Mar 12 15:34:01 UTC 2026: Site is DOWN (000). Restarting...
Thu Mar 12 15:35:01 UTC 2026: Site is DOWN (000). Restarting...
Thu Mar 12 15:36:01 UTC 2026: Site is DOWN (000). Restarting...
Thu Mar 12 15:37:01 UTC 2026: Site is DOWN (000). Restarting...
Thu Mar 12 15:38:01 UTC 2026: Site is DOWN (000). Restarting...
Thu Mar 12 15:39:02 UTC 2026: Site is DOWN (000). Restarting...
Thu Mar 12 15:40:01 UTC 2026: Site is DOWN (000). Restarting...
Thu Mar 12 15:41:01 UTC 2026: Site is DOWN (000). Restarting...
Thu Mar 12 15:42:01 UTC 2026: Site is DOWN (000). Restarting...
Thu Mar 12 15:43:01 UTC 2026: Site is DOWN (000). Restarting...
Thu Mar 12 15:44:01 UTC 2026: Site is DOWN (000). Restarting...
Thu Mar 12 15:45:01 UTC 2026: Site is DOWN (000). Restarting...
Thu Mar 12 15:46:01 UTC 2026: Site is DOWN (000). Restarting...
Thu Mar 12 15:47:01 UTC 2026: Site is DOWN (000). Restarting...
Thu Mar 12 15:48:01 UTC 2026: Site is DOWN (000). Restarting...
Thu Mar 12 15:49:01 UTC 2026: Site is DOWN (000). Restarting...
Thu Mar 12 15:50:01 UTC 2026: Site is DOWN (000). Restarting...
Thu Mar 12 15:51:01 UTC 2026: Site is DOWN (000). Restarting...
Thu Mar 12 15:52:01 UTC 2026: Site is DOWN (000). Restarting...
Thu Mar 12 15:53:01 UTC 2026: Site is DOWN (000). Restarting...
Thu Mar 12 15:54:01 UTC 2026: Site is DOWN (000). Restarting...
Thu Mar 12 15:55:01 UTC 2026: Site is DOWN (000). Restarting...
Thu Mar 12 15:56:02 UTC 2026: Site is DOWN (000). Restarting...
Thu Mar 12 15:57:01 UTC 2026: Site is DOWN (000). Restarting...
Thu Mar 12 15:58:01 UTC 2026: Site is DOWN (000). Restarting...
Thu Mar 12 15:59:01 UTC 2026: Site is DOWN (000). Restarting...
Thu Mar 12 16:00:01 UTC 2026: Site is DOWN (000). Restarting...
Thu Mar 12 16:01:01 UTC 2026: Site is DOWN (000). Restarting...
Thu Mar 12 16:02:01 UTC 2026: Site is DOWN (000). Restarting...
Thu Mar 12 16:03:01 UTC 2026: Site is DOWN (000). Restarting...
Thu Mar 12 16:04:01 UTC 2026: Site is DOWN (000). Restarting...
Thu Mar 12 16:05:01 UTC 2026: Site is DOWN (000). Restarting...
Thu Mar 12 16:06:01 UTC 2026: Site is DOWN (000). Restarting...
Thu Mar 12 16:07:01 UTC 2026: Site is DOWN (000). Restarting...
Thu Mar 12 16:08:01 UTC 2026: Site is DOWN (000). Restarting...
Thu Mar 12 16:09:01 UTC 2026: Site is DOWN (000). Restarting...
Thu Mar 12 16:10:01 UTC 2026: Site is DOWN (000). Restarting...
Thu Mar 12 16:11:01 UTC 2026: Site is DOWN (000). Restarting...
Thu Mar 12 16:12:01 UTC 2026: Site is DOWN (000). Restarting...
Thu Mar 12 16:13:01 UTC 2026: Site is DOWN (000). Restarting...
Thu Mar 12 16:14:01 UTC 2026: Site is DOWN (000). Restarting...
Thu Mar 12 16:15:01 UTC 2026: Site is DOWN (000). Restarting...
Thu Mar 12 16:16:01 UTC 2026: Site is DOWN (000). Restarting...
Thu Mar 12 16:17:01 UTC 2026: Site is DOWN (000). Restarting...
Thu Mar 12 16:18:01 UTC 2026: Site is DOWN (000). Restarting...
Thu Mar 12 16:19:01 UTC 2026: Site is DOWN (000). Restarting...
Thu Mar 12 16:20:01 UTC 2026: Site is DOWN (000). Restarting...
Thu Mar 12 16:21:01 UTC 2026: Site is DOWN (000). Restarting...
Thu Mar 12 16:22:01 UTC 2026: Site is DOWN (000). Restarting...
Thu Mar 12 16:23:01 UTC 2026: Site is DOWN (000). Restarting...
Thu Mar 12 16:24:01 UTC 2026: Site is DOWN (000). Restarting...
Thu Mar 12 16:25:01 UTC 2026: Site is DOWN (000). Restarting...
Thu Mar 12 16:26:01 UTC 2026: Site is DOWN (000). Restarting...
Thu Mar 12 16:27:01 UTC 2026: Site is DOWN (000). Restarting...
Thu Mar 12 16:28:01 UTC 2026: Site is DOWN (000). Restarting...
Thu Mar 12 16:29:01 UTC 2026: Site is DOWN (000). Restarting...
Thu Mar 12 16:30:01 UTC 2026: Site is DOWN (000). Restarting...
Thu Mar 12 16:31:01 UTC 2026: Site is DOWN (000). Restarting...
Thu Mar 12 16:32:01 UTC 2026: Site is DOWN (000). Restarting...
Thu Mar 12 16:33:01 UTC 2026: Site is DOWN (000). Restarting...
Thu Mar 12 16:34:01 UTC 2026: Site is DOWN (000). Restarting...
Thu Mar 12 16:35:01 UTC 2026: Site is DOWN (000). Restarting...
Thu Mar 12 16:36:01 UTC 2026: Site is DOWN (000). Restarting...
Thu Mar 12 16:37:01 UTC 2026: Site is DOWN (000). Restarting...
Thu Mar 12 16:38:01 UTC 2026: Site is DOWN (000). Restarting...
Thu Mar 12 16:39:01 UTC 2026: Site is DOWN (000). Restarting...
Thu Mar 12 16:40:01 UTC 2026: Site is DOWN (000). Restarting...
Thu Mar 12 16:41:01 UTC 2026: Site is DOWN (000). Restarting...
Thu Mar 12 16:42:01 UTC 2026: Site is DOWN (000). Restarting...
Thu Mar 12 16:43:01 UTC 2026: Site is DOWN (000). Restarting...
Thu Mar 12 16:44:01 UTC 2026: Site is DOWN (000). Restarting...
Thu Mar 12 16:45:01 UTC 2026: Site is DOWN (000). Restarting...
Thu Mar 12 16:46:01 UTC 2026: Site is DOWN (000). Restarting...
Thu Mar 12 16:47:01 UTC 2026: Site is DOWN (000). Restarting...
Thu Mar 12 16:48:01 UTC 2026: Site is DOWN (000). Restarting...
Thu Mar 12 16:49:01 UTC 2026: Site is DOWN (000). Restarting...
Thu Mar 12 16:50:01 UTC 2026: Site is DOWN (000). Restarting...
Thu Mar 12 16:51:01 UTC 2026: Site is DOWN (000). Restarting...
Thu Mar 12 16:52:01 UTC 2026: Site is DOWN (000). Restarting...
Thu Mar 12 16:53:01 UTC 2026: Site is DOWN (000). Restarting...
Thu Mar 12 16:54:01 UTC 2026: Site is DOWN (000). Restarting...
Thu Mar 12 16:55:01 UTC 2026: Site is DOWN (000). Restarting...
Thu Mar 12 16:56:01 UTC 2026: Site is DOWN (000). Restarting...
Thu Mar 12 16:57:01 UTC 2026: Site is DOWN (000). Restarting...
Thu Mar 12 16:58:01 UTC 2026: Site is DOWN (000). Restarting...
Thu Mar 12 16:59:01 UTC 2026: Site is DOWN (000). Restarting...
Thu Mar 12 17:00:01 UTC 2026: Site is DOWN (000). Restarting...
Thu Mar 12 17:01:01 UTC 2026: Site is DOWN (000). Restarting...
Thu Mar 12 17:02:01 UTC 2026: Site is DOWN (000). Restarting...
Thu Mar 12 17:03:01 UTC 2026: Site is DOWN (000). Restarting...
Thu Mar 12 17:04:01 UTC 2026: Site is DOWN (000). Restarting...
Thu Mar 12 17:05:01 UTC 2026: Site is DOWN (000). Restarting...
Thu Mar 12 17:06:01 UTC 2026: Site is DOWN (000). Restarting...
Thu Mar 12 17:07:02 UTC 2026: Site is DOWN (000). Restarting...
Thu Mar 12 17:08:01 UTC 2026: Site is DOWN (000). Restarting...
Error response from daemon: No such container: devops-lab_app-web_1
Thu Mar 12 17:09:01 UTC 2026: Site is DOWN (000). Restarting...
Error response from daemon: No such container: devops-lab_app-web_1
Thu Mar 12 17:10:01 UTC 2026: Site is DOWN (000). Restarting...
Error response from daemon: No such container: devops-lab_app-web_1
Thu Mar 12 17:11:01 UTC 2026: Site is DOWN (000). Restarting...
Error response from daemon: No such container: devops-lab_app-web_1
Thu Mar 12 17:12:01 UTC 2026: Site is DOWN (000). Restarting...
Error response from daemon: No such container: devops-lab_app-web_1
Thu Mar 12 17:13:01 UTC 2026: Site is DOWN (000). Restarting...
Error response from daemon: No such container: devops-lab_app-web_1
Thu Mar 12 17:14:01 UTC 2026: Site is DOWN (000). Restarting...
Error response from daemon: No such container: devops-lab_app-web_1
Thu Mar 12 17:15:01 UTC 2026: Site is DOWN (000). Restarting...
Error response from daemon: No such container: devops-lab_app-web_1
Thu Mar 12 17:16:01 UTC 2026: Site is DOWN (000). Restarting...
Error response from daemon: No such container: devops-lab_app-web_1
Thu Mar 12 17:17:01 UTC 2026: Site is DOWN (000). Restarting...
Error response from daemon: No such container: devops-lab_app-web_1
Thu Mar 12 17:18:01 UTC 2026: Site is DOWN (000). Restarting...
Error response from daemon: No such container: devops-lab_app-web_1
Thu Mar 12 17:19:01 UTC 2026: Site is DOWN (000). Restarting...
Error response from daemon: No such container: devops-lab_app-web_1
Thu Mar 12 17:20:01 UTC 2026: Site is DOWN (000). Restarting...
Error response from daemon: No such container: devops-lab_app-web_1
Thu Mar 12 17:21:01 UTC 2026: Site is DOWN (000). Restarting...
Error response from daemon: No such container: devops-lab_app-web_1
Thu Mar 12 17:22:01 UTC 2026: Site is DOWN (000). Restarting...
Error response from daemon: No such container: devops-lab_app-web_1
Thu Mar 12 17:23:01 UTC 2026: Site is DOWN (000). Restarting...
Error response from daemon: No such container: devops-lab_app-web_1
Thu Mar 12 17:24:01 UTC 2026: Site is DOWN (000). Restarting...
Error response from daemon: No such container: devops-lab_app-web_1
Thu Mar 12 17:25:02 UTC 2026: Site is DOWN (000). Restarting...
Error response from daemon: No such container: devops-lab_app-web_1
Thu Mar 12 17:26:01 UTC 2026: Site is DOWN (000). Restarting...
Error response from daemon: No such container: devops-lab_app-web_1
Thu Mar 12 17:27:01 UTC 2026: Site is DOWN (000). Restarting...
Error response from daemon: No such container: devops-lab_app-web_1
Thu Mar 12 17:28:01 UTC 2026: Site is DOWN (000). Restarting...
Error response from daemon: No such container: devops-lab_app-web_1
Thu Mar 12 17:29:01 UTC 2026: Site is DOWN (000). Restarting...
Error response from daemon: No such container: devops-lab_app-web_1
Thu Mar 12 17:30:01 UTC 2026: Site is DOWN (000). Restarting...
Error response from daemon: No such container: devops-lab_app-web_1
Thu Mar 12 17:31:01 UTC 2026: Site is DOWN (000). Restarting...
Error response from daemon: No such container: devops-lab_app-web_1
Thu Mar 12 17:32:01 UTC 2026: Site is DOWN (000). Restarting...
Error response from daemon: No such container: devops-lab_app-web_1
Thu Mar 12 17:33:01 UTC 2026: Site is DOWN (000). Restarting...
Error response from daemon: No such container: devops-lab_app-web_1
Thu Mar 12 17:34:01 UTC 2026: Site is DOWN (000). Restarting...
Error response from daemon: No such container: devops-lab_app-web_1
Thu Mar 12 17:35:01 UTC 2026: Site is DOWN (000). Restarting...
Error response from daemon: No such container: devops-lab_app-web_1
Thu Mar 12 17:36:01 UTC 2026: Site is DOWN (000). Restarting...
Error response from daemon: No such container: devops-lab_app-web_1
Thu Mar 12 17:37:01 UTC 2026: Site is DOWN (000). Restarting...
Error response from daemon: No such container: devops-lab_app-web_1
Thu Mar 12 17:38:01 UTC 2026: Site is DOWN (000). Restarting...
Error response from daemon: No such container: devops-lab_app-web_1
Thu Mar 12 17:39:01 UTC 2026: Site is DOWN (000). Restarting...
Error response from daemon: No such container: devops-lab_app-web_1
Thu Mar 12 17:40:01 UTC 2026: Site is DOWN (000). Restarting...
Error response from daemon: No such container: devops-lab_app-web_1
Thu Mar 12 17:41:01 UTC 2026: Site is DOWN (000). Restarting...
Error response from daemon: No such container: devops-lab_app-web_1
Thu Mar 12 17:42:01 UTC 2026: Site is DOWN (000). Restarting...
Error response from daemon: No such container: devops-lab_app-web_1
Thu Mar 12 17:43:01 UTC 2026: Site is DOWN (000). Restarting...
Error response from daemon: No such container: devops-lab_app-web_1
Thu Mar 12 17:44:01 UTC 2026: Site is DOWN (000). Restarting...
Error response from daemon: No such container: devops-lab_app-web_1
Thu Mar 12 17:45:01 UTC 2026: Site is DOWN (000). Restarting...
Error response from daemon: No such container: devops-lab_app-web_1
Thu Mar 12 17:46:01 UTC 2026: Site is DOWN (000). Restarting...
Error response from daemon: No such container: devops-lab_app-web_1
Thu Mar 12 17:47:01 UTC 2026: Site is DOWN (000). Restarting...
Error response from daemon: No such container: devops-lab_app-web_1
Thu Mar 12 17:48:01 UTC 2026: Site is DOWN (000). Restarting...
Error response from daemon: No such container: devops-lab_app-web_1
Thu Mar 12 17:49:01 UTC 2026: Site is DOWN (000). Restarting...
Error response from daemon: No such container: devops-lab_app-web_1
Thu Mar 12 17:50:01 UTC 2026: Site is DOWN (000). Restarting...
Error response from daemon: No such container: devops-lab_app-web_1
Thu Mar 12 17:51:01 UTC 2026: Site is DOWN (000). Restarting...
Error response from daemon: No such container: devops-lab_app-web_1
Thu Mar 12 17:52:01 UTC 2026: Site is DOWN (000). Restarting...
Error response from daemon: No such container: devops-lab_app-web_1
Thu Mar 12 17:53:01 UTC 2026: Site is DOWN (000). Restarting...
Error response from daemon: No such container: devops-lab_app-web_1
Thu Mar 12 17:54:01 UTC 2026: Site is DOWN (000). Restarting...
Error response from daemon: No such container: devops-lab_app-web_1
Thu Mar 12 17:55:01 UTC 2026: Site is DOWN (000). Restarting...
Error response from daemon: No such container: devops-lab_app-web_1
\033[0;31m✘ Thu Mar 12 17:56:01 UTC 2026: Site is DOWN (000)\033[0m. Restarting...
Error response from daemon: No such container: devops-lab_app-web_1
[0;31m✘ Thu Mar 12 17:57:01 UTC 2026: Site is DOWN (000)[0m. Restarting...
Error response from daemon: No such container: devops-lab_app-web_1
[0;31m✘ Thu Mar 12 17:58:01 UTC 2026: Site is DOWN (000)[0m. Restarting...
Error response from daemon: No such container: devops-lab_app-web_1
[0;31m✘ Thu Mar 12 17:59:01 UTC 2026: Site is DOWN (000)[0m. Restarting...
Error response from daemon: No such container: devops-lab_app-web_1
[0;31m✘[0m Thu Mar 12 18:00:01 UTC 2026: Site is [0;31mDOWN (000)[0m. Restarting...
Error response from daemon: No such container: devops-lab_app-web_1
[0;31m✘[0m Thu Mar 12 18:01:02 UTC 2026: Site is [0;31mDOWN (000)[0m. Restarting...
Error response from daemon: No such container: devops-lab_app-web_1
[0;31m✘[0m Thu Mar 12 18:02:01 UTC 2026: Site is [0;31mDOWN (000)[0m. Restarting...
Error response from daemon: No such container: devops-lab_app-web_1
[0;31m✘[0m Thu Mar 12 18:03:01 UTC 2026: Site is [0;31mDOWN (000)[0m. Restarting...
Error response from daemon: No such container: devops-lab_app-web_1
[0;31m✘[0m Thu Mar 12 18:04:01 UTC 2026: Site is [0;31mDOWN (000)[0m. Restarting...
Error response from daemon: No such container: devops-lab_app-web_1
[0;31m✘[0m Thu Mar 12 18:05:01 UTC 2026: Site is [0;31mDOWN (000)[0m. Restarting...
Error response from daemon: No such container: devops-lab_app-web_1
[0;31m✘[0m Thu Mar 12 18:06:01 UTC 2026: Site is [0;31mDOWN (000)[0m. Restarting...
Error response from daemon: No such container: devops-lab_app-web_1
[0;31m✘[0m Thu Mar 12 18:07:01 UTC 2026: Site is [0;31mDOWN (000)[0m. Restarting...
Error response from daemon: No such container: devops-lab_app-web_1
[0;31m✘[0m Thu Mar 12 18:08:01 UTC 2026: Site is [0;31mDOWN (000)[0m. Restarting...
Error response from daemon: No such container: devops-lab_app-web_1
[0;31m✘[0m Thu Mar 12 18:09:01 UTC 2026: Site is [0;31mDOWN (000)[0m. [1;33mTrying to Restart devops-lab_app-web_1...[0m
Error response from daemon: No such container: devops-lab_app-web_1
[0;31m✘[0m Thu Mar 12 18:10:01 UTC 2026: Site is [0;31mDOWN (000)[0m. [1;33mTrying to Restart devops-lab_app-web_1...[0m
Error response from daemon: No such container: devops-lab_app-web_1
[0;31m✘[0m Thu Mar 12 18:11:01 UTC 2026: Site is [0;31mDOWN (000)[0m. [1;33mTrying to Restart devops-lab_app-web_1...[0m
Error response from daemon: No such container: devops-lab_app-web_1
[0;31m✘[0m Thu Mar 12 18:12:01 UTC 2026: Site is [0;31mDOWN (000)[0m. [1;33mTrying to Restart devops-lab_app-web_1...[0m
Error response from daemon: No such container: devops-lab_app-web_1
[0;31m✘[0m Thu Mar 12 18:13:01 UTC 2026: Site is [0;31mDOWN (000)[0m. [1;33mTrying to Restart devops-lab_app-web_1...[0m
Error response from daemon: No such container: devops-lab_app-web_1
[0;31m✘[0m Thu Mar 12 18:14:01 UTC 2026: Site is [0;31mDOWN (000)[0m. [1;33mTrying to Restart devops-lab_app-web_1...[0m
Error response from daemon: No such container: devops-lab_app-web_1
[0;31m✘[0m Thu Mar 12 18:15:01 UTC 2026: Site is [0;31mDOWN (000)[0m. [1;33mTrying to Restart devops-lab_app-web_1...[0m
Error response from daemon: No such container: devops-lab_app-web_1
[0;31m✘[0m Thu Mar 12 18:16:01 UTC 2026: Site is [0;31mDOWN (000)[0m. [1;33mTrying to Restart devops-lab_app-web_1...[0m
Error response from daemon: No such container: devops-lab_app-web_1
[0;31m✘[0m Thu Mar 12 18:17:01 UTC 2026: Site is [0;31mDOWN (000)[0m. [1;33mTrying to Restart devops-lab_app-web_1...[0m
Error response from daemon: No such container: devops-lab_app-web_1
[0;31m✘[0m Thu Mar 12 18:18:01 UTC 2026: Site is [0;31mDOWN (000)[0m. [1;33mTrying to Restart devops-lab_app-web_1...[0m
Error response from daemon: No such container: devops-lab_app-web_1
[0;31m✘[0m Thu Mar 12 18:19:01 UTC 2026: Site is [0;31mDOWN (000)[0m. [1;33mTrying to Restart devops-lab_app-web_1...[0m
Error response from daemon: No such container: devops-lab_app-web_1
[0;31m✘[0m Thu Mar 12 18:20:01 UTC 2026: Site is [0;31mDOWN (000)[0m. [1;33mTrying to Restart devops-lab_app-web_1...[0m
Error response from daemon: No such container: devops-lab_app-web_1
[0;31m✘[0m Thu Mar 12 18:21:01 UTC 2026: Site is [0;31mDOWN (000)[0m. [1;33mTrying to Restart devops-lab_app-web_1...[0m
Error response from daemon: No such container: devops-lab_app-web_1
[0;31m✘[0m Thu Mar 12 18:22:01 UTC 2026: Site is [0;31mDOWN (000)[0m. [1;33mTrying to Restart devops-lab_app-web_1...[0m
Error response from daemon: No such container: devops-lab_app-web_1
Starting devops-lab_redis-cache_1 ... 
Recreating 901f28152ac5_devops-lab_app-web_1 ... 
Starting devops-lab_database-sim_1           ... 

ERROR: for 901f28152ac5_devops-lab_app-web_1  'ContainerConfig'
Starting devops-lab_redis-cache_1            ... done
Starting devops-lab_database-sim_1           ... done

ERROR: for app-web  'ContainerConfig'
Traceback (most recent call last):
  File "/usr/bin/docker-compose", line 33, in <module>
    sys.exit(load_entry_point('docker-compose==1.29.2', 'console_scripts', 'docker-compose')())
  File "/usr/lib/python3/dist-packages/compose/cli/main.py", line 81, in main
    command_func()
  File "/usr/lib/python3/dist-packages/compose/cli/main.py", line 203, in perform_command
    handler(command, command_options)
  File "/usr/lib/python3/dist-packages/compose/metrics/decorator.py", line 18, in wrapper
    result = fn(*args, **kwargs)
  File "/usr/lib/python3/dist-packages/compose/cli/main.py", line 1186, in up
    to_attach = up(False)
  File "/usr/lib/python3/dist-packages/compose/cli/main.py", line 1166, in up
    return self.project.up(
  File "/usr/lib/python3/dist-packages/compose/project.py", line 697, in up
    results, errors = parallel.parallel_execute(
  File "/usr/lib/python3/dist-packages/compose/parallel.py", line 108, in parallel_execute
    raise error_to_reraise
  File "/usr/lib/python3/dist-packages/compose/parallel.py", line 206, in producer
    result = func(obj)
  File "/usr/lib/python3/dist-packages/compose/project.py", line 679, in do
    return service.execute_convergence_plan(
  File "/usr/lib/python3/dist-packages/compose/service.py", line 579, in execute_convergence_plan
    return self._execute_convergence_recreate(
  File "/usr/lib/python3/dist-packages/compose/service.py", line 499, in _execute_convergence_recreate
    containers, errors = parallel_execute(
  File "/usr/lib/python3/dist-packages/compose/parallel.py", line 108, in parallel_execute
    raise error_to_reraise
  File "/usr/lib/python3/dist-packages/compose/parallel.py", line 206, in producer
    result = func(obj)
  File "/usr/lib/python3/dist-packages/compose/service.py", line 494, in recreate
    return self.recreate_container(
  File "/usr/lib/python3/dist-packages/compose/service.py", line 612, in recreate_container
    new_container = self.create_container(
  File "/usr/lib/python3/dist-packages/compose/service.py", line 330, in create_container
    container_options = self._get_container_create_options(
  File "/usr/lib/python3/dist-packages/compose/service.py", line 921, in _get_container_create_options
    container_options, override_options = self._build_container_volume_options(
  File "/usr/lib/python3/dist-packages/compose/service.py", line 960, in _build_container_volume_options
    binds, affinity = merge_volume_bindings(
  File "/usr/lib/python3/dist-packages/compose/service.py", line 1548, in merge_volume_bindings
    old_volumes, old_mounts = get_container_data_volumes(
  File "/usr/lib/python3/dist-packages/compose/service.py", line 1579, in get_container_data_volumes
    container.image_config['ContainerConfig'].get('Volumes') or {}
KeyError: 'ContainerConfig'
[0;31m✘[0m Thu Mar 12 18:23:01 UTC 2026: Site is [0;31mDOWN (000)[0m. [1;33mTrying to Restart devops-lab_app-web_1...[0m
Error response from daemon: No such container: devops-lab_app-web_1
devops-lab_database-sim_1 is up-to-date
Recreating 901f28152ac5_devops-lab_app-web_1 ... 
devops-lab_redis-cache_1 is up-to-date

ERROR: for 901f28152ac5_devops-lab_app-web_1  'ContainerConfig'

ERROR: for app-web  'ContainerConfig'
Traceback (most recent call last):
  File "/usr/bin/docker-compose", line 33, in <module>
    sys.exit(load_entry_point('docker-compose==1.29.2', 'console_scripts', 'docker-compose')())
  File "/usr/lib/python3/dist-packages/compose/cli/main.py", line 81, in main
    command_func()
  File "/usr/lib/python3/dist-packages/compose/cli/main.py", line 203, in perform_command
    handler(command, command_options)
  File "/usr/lib/python3/dist-packages/compose/metrics/decorator.py", line 18, in wrapper
    result = fn(*args, **kwargs)
  File "/usr/lib/python3/dist-packages/compose/cli/main.py", line 1186, in up
    to_attach = up(False)
  File "/usr/lib/python3/dist-packages/compose/cli/main.py", line 1166, in up
    return self.project.up(
  File "/usr/lib/python3/dist-packages/compose/project.py", line 697, in up
    results, errors = parallel.parallel_execute(
  File "/usr/lib/python3/dist-packages/compose/parallel.py", line 108, in parallel_execute
    raise error_to_reraise
  File "/usr/lib/python3/dist-packages/compose/parallel.py", line 206, in producer
    result = func(obj)
  File "/usr/lib/python3/dist-packages/compose/project.py", line 679, in do
    return service.execute_convergence_plan(
  File "/usr/lib/python3/dist-packages/compose/service.py", line 579, in execute_convergence_plan
    return self._execute_convergence_recreate(
  File "/usr/lib/python3/dist-packages/compose/service.py", line 499, in _execute_convergence_recreate
    containers, errors = parallel_execute(
  File "/usr/lib/python3/dist-packages/compose/parallel.py", line 108, in parallel_execute
    raise error_to_reraise
  File "/usr/lib/python3/dist-packages/compose/parallel.py", line 206, in producer
    result = func(obj)
  File "/usr/lib/python3/dist-packages/compose/service.py", line 494, in recreate
    return self.recreate_container(
  File "/usr/lib/python3/dist-packages/compose/service.py", line 612, in recreate_container
    new_container = self.create_container(
  File "/usr/lib/python3/dist-packages/compose/service.py", line 330, in create_container
    container_options = self._get_container_create_options(
  File "/usr/lib/python3/dist-packages/compose/service.py", line 921, in _get_container_create_options
    container_options, override_options = self._build_container_volume_options(
  File "/usr/lib/python3/dist-packages/compose/service.py", line 960, in _build_container_volume_options
    binds, affinity = merge_volume_bindings(
  File "/usr/lib/python3/dist-packages/compose/service.py", line 1548, in merge_volume_bindings
    old_volumes, old_mounts = get_container_data_volumes(
  File "/usr/lib/python3/dist-packages/compose/service.py", line 1579, in get_container_data_volumes
    container.image_config['ContainerConfig'].get('Volumes') or {}
KeyError: 'ContainerConfig'
[0;31m✘[0m Thu Mar 12 18:24:01 UTC 2026: Site is [0;31mDOWN (000)[0m. [1;33mTrying to Restart devops-lab_app-web_1...[0m
Error response from daemon: No such container: devops-lab_app-web_1
Recreating 901f28152ac5_devops-lab_app-web_1 ... 
devops-lab_database-sim_1 is up-to-date
devops-lab_redis-cache_1 is up-to-date

ERROR: for 901f28152ac5_devops-lab_app-web_1  'ContainerConfig'

ERROR: for app-web  'ContainerConfig'
Traceback (most recent call last):
  File "/usr/bin/docker-compose", line 33, in <module>
    sys.exit(load_entry_point('docker-compose==1.29.2', 'console_scripts', 'docker-compose')())
  File "/usr/lib/python3/dist-packages/compose/cli/main.py", line 81, in main
    command_func()
  File "/usr/lib/python3/dist-packages/compose/cli/main.py", line 203, in perform_command
    handler(command, command_options)
  File "/usr/lib/python3/dist-packages/compose/metrics/decorator.py", line 18, in wrapper
    result = fn(*args, **kwargs)
  File "/usr/lib/python3/dist-packages/compose/cli/main.py", line 1186, in up
    to_attach = up(False)
  File "/usr/lib/python3/dist-packages/compose/cli/main.py", line 1166, in up
    return self.project.up(
  File "/usr/lib/python3/dist-packages/compose/project.py", line 697, in up
    results, errors = parallel.parallel_execute(
  File "/usr/lib/python3/dist-packages/compose/parallel.py", line 108, in parallel_execute
    raise error_to_reraise
  File "/usr/lib/python3/dist-packages/compose/parallel.py", line 206, in producer
    result = func(obj)
  File "/usr/lib/python3/dist-packages/compose/project.py", line 679, in do
    return service.execute_convergence_plan(
  File "/usr/lib/python3/dist-packages/compose/service.py", line 579, in execute_convergence_plan
    return self._execute_convergence_recreate(
  File "/usr/lib/python3/dist-packages/compose/service.py", line 499, in _execute_convergence_recreate
    containers, errors = parallel_execute(
  File "/usr/lib/python3/dist-packages/compose/parallel.py", line 108, in parallel_execute
    raise error_to_reraise
  File "/usr/lib/python3/dist-packages/compose/parallel.py", line 206, in producer
    result = func(obj)
  File "/usr/lib/python3/dist-packages/compose/service.py", line 494, in recreate
    return self.recreate_container(
  File "/usr/lib/python3/dist-packages/compose/service.py", line 612, in recreate_container
    new_container = self.create_container(
  File "/usr/lib/python3/dist-packages/compose/service.py", line 330, in create_container
    container_options = self._get_container_create_options(
  File "/usr/lib/python3/dist-packages/compose/service.py", line 921, in _get_container_create_options
    container_options, override_options = self._build_container_volume_options(
  File "/usr/lib/python3/dist-packages/compose/service.py", line 960, in _build_container_volume_options
    binds, affinity = merge_volume_bindings(
  File "/usr/lib/python3/dist-packages/compose/service.py", line 1548, in merge_volume_bindings
    old_volumes, old_mounts = get_container_data_volumes(
  File "/usr/lib/python3/dist-packages/compose/service.py", line 1579, in get_container_data_volumes
    container.image_config['ContainerConfig'].get('Volumes') or {}
KeyError: 'ContainerConfig'
[0;31m✘[0m Thu Mar 12 18:25:01 UTC 2026: Site is [0;31mDOWN (000)[0m. [1;33mTrying to Restart devops-lab_app-web_1...[0m
Error response from daemon: No such container: devops-lab_app-web_1
devops-lab_redis-cache_1 is up-to-date
Recreating 901f28152ac5_devops-lab_app-web_1 ... 
devops-lab_database-sim_1 is up-to-date

ERROR: for 901f28152ac5_devops-lab_app-web_1  'ContainerConfig'

ERROR: for app-web  'ContainerConfig'
Traceback (most recent call last):
  File "/usr/bin/docker-compose", line 33, in <module>
    sys.exit(load_entry_point('docker-compose==1.29.2', 'console_scripts', 'docker-compose')())
  File "/usr/lib/python3/dist-packages/compose/cli/main.py", line 81, in main
    command_func()
  File "/usr/lib/python3/dist-packages/compose/cli/main.py", line 203, in perform_command
    handler(command, command_options)
  File "/usr/lib/python3/dist-packages/compose/metrics/decorator.py", line 18, in wrapper
    result = fn(*args, **kwargs)
  File "/usr/lib/python3/dist-packages/compose/cli/main.py", line 1186, in up
    to_attach = up(False)
  File "/usr/lib/python3/dist-packages/compose/cli/main.py", line 1166, in up
    return self.project.up(
  File "/usr/lib/python3/dist-packages/compose/project.py", line 697, in up
    results, errors = parallel.parallel_execute(
  File "/usr/lib/python3/dist-packages/compose/parallel.py", line 108, in parallel_execute
    raise error_to_reraise
  File "/usr/lib/python3/dist-packages/compose/parallel.py", line 206, in producer
    result = func(obj)
  File "/usr/lib/python3/dist-packages/compose/project.py", line 679, in do
    return service.execute_convergence_plan(
  File "/usr/lib/python3/dist-packages/compose/service.py", line 579, in execute_convergence_plan
    return self._execute_convergence_recreate(
  File "/usr/lib/python3/dist-packages/compose/service.py", line 499, in _execute_convergence_recreate
    containers, errors = parallel_execute(
  File "/usr/lib/python3/dist-packages/compose/parallel.py", line 108, in parallel_execute
    raise error_to_reraise
  File "/usr/lib/python3/dist-packages/compose/parallel.py", line 206, in producer
    result = func(obj)
  File "/usr/lib/python3/dist-packages/compose/service.py", line 494, in recreate
    return self.recreate_container(
  File "/usr/lib/python3/dist-packages/compose/service.py", line 612, in recreate_container
    new_container = self.create_container(
  File "/usr/lib/python3/dist-packages/compose/service.py", line 330, in create_container
    container_options = self._get_container_create_options(
  File "/usr/lib/python3/dist-packages/compose/service.py", line 921, in _get_container_create_options
    container_options, override_options = self._build_container_volume_options(
  File "/usr/lib/python3/dist-packages/compose/service.py", line 960, in _build_container_volume_options
    binds, affinity = merge_volume_bindings(
  File "/usr/lib/python3/dist-packages/compose/service.py", line 1548, in merge_volume_bindings
    old_volumes, old_mounts = get_container_data_volumes(
  File "/usr/lib/python3/dist-packages/compose/service.py", line 1579, in get_container_data_volumes
    container.image_config['ContainerConfig'].get('Volumes') or {}
KeyError: 'ContainerConfig'
[0;31m✘[0m Thu Mar 12 18:26:01 UTC 2026: Site is [0;31mDOWN (000)[0m. [1;33mTrying to Restart devops-lab_app-web_1...[0m
Error response from daemon: No such container: devops-lab_app-web_1
devops-lab_redis-cache_1 is up-to-date
Recreating 901f28152ac5_devops-lab_app-web_1 ... 
devops-lab_database-sim_1 is up-to-date

ERROR: for 901f28152ac5_devops-lab_app-web_1  'ContainerConfig'

ERROR: for app-web  'ContainerConfig'
Traceback (most recent call last):
  File "/usr/bin/docker-compose", line 33, in <module>
    sys.exit(load_entry_point('docker-compose==1.29.2', 'console_scripts', 'docker-compose')())
  File "/usr/lib/python3/dist-packages/compose/cli/main.py", line 81, in main
    command_func()
  File "/usr/lib/python3/dist-packages/compose/cli/main.py", line 203, in perform_command
    handler(command, command_options)
  File "/usr/lib/python3/dist-packages/compose/metrics/decorator.py", line 18, in wrapper
    result = fn(*args, **kwargs)
  File "/usr/lib/python3/dist-packages/compose/cli/main.py", line 1186, in up
    to_attach = up(False)
  File "/usr/lib/python3/dist-packages/compose/cli/main.py", line 1166, in up
    return self.project.up(
  File "/usr/lib/python3/dist-packages/compose/project.py", line 697, in up
    results, errors = parallel.parallel_execute(
  File "/usr/lib/python3/dist-packages/compose/parallel.py", line 108, in parallel_execute
    raise error_to_reraise
  File "/usr/lib/python3/dist-packages/compose/parallel.py", line 206, in producer
    result = func(obj)
  File "/usr/lib/python3/dist-packages/compose/project.py", line 679, in do
    return service.execute_convergence_plan(
  File "/usr/lib/python3/dist-packages/compose/service.py", line 579, in execute_convergence_plan
    return self._execute_convergence_recreate(
  File "/usr/lib/python3/dist-packages/compose/service.py", line 499, in _execute_convergence_recreate
    containers, errors = parallel_execute(
  File "/usr/lib/python3/dist-packages/compose/parallel.py", line 108, in parallel_execute
    raise error_to_reraise
  File "/usr/lib/python3/dist-packages/compose/parallel.py", line 206, in producer
    result = func(obj)
  File "/usr/lib/python3/dist-packages/compose/service.py", line 494, in recreate
    return self.recreate_container(
  File "/usr/lib/python3/dist-packages/compose/service.py", line 612, in recreate_container
    new_container = self.create_container(
  File "/usr/lib/python3/dist-packages/compose/service.py", line 330, in create_container
    container_options = self._get_container_create_options(
  File "/usr/lib/python3/dist-packages/compose/service.py", line 921, in _get_container_create_options
    container_options, override_options = self._build_container_volume_options(
  File "/usr/lib/python3/dist-packages/compose/service.py", line 960, in _build_container_volume_options
    binds, affinity = merge_volume_bindings(
  File "/usr/lib/python3/dist-packages/compose/service.py", line 1548, in merge_volume_bindings
    old_volumes, old_mounts = get_container_data_volumes(
  File "/usr/lib/python3/dist-packages/compose/service.py", line 1579, in get_container_data_volumes
    container.image_config['ContainerConfig'].get('Volumes') or {}
KeyError: 'ContainerConfig'
[0;31m✘[0m Thu Mar 12 18:27:01 UTC 2026: Site is [0;31mDOWN (000)[0m. [1;33mTrying to Restart devops-lab_app-web_1...[0m
Error response from daemon: No such container: devops-lab_app-web_1
Recreating 901f28152ac5_devops-lab_app-web_1 ... 
devops-lab_database-sim_1 is up-to-date
devops-lab_redis-cache_1 is up-to-date

ERROR: for 901f28152ac5_devops-lab_app-web_1  'ContainerConfig'

ERROR: for app-web  'ContainerConfig'
Traceback (most recent call last):
  File "/usr/bin/docker-compose", line 33, in <module>
    sys.exit(load_entry_point('docker-compose==1.29.2', 'console_scripts', 'docker-compose')())
  File "/usr/lib/python3/dist-packages/compose/cli/main.py", line 81, in main
    command_func()
  File "/usr/lib/python3/dist-packages/compose/cli/main.py", line 203, in perform_command
    handler(command, command_options)
  File "/usr/lib/python3/dist-packages/compose/metrics/decorator.py", line 18, in wrapper
    result = fn(*args, **kwargs)
  File "/usr/lib/python3/dist-packages/compose/cli/main.py", line 1186, in up
    to_attach = up(False)
  File "/usr/lib/python3/dist-packages/compose/cli/main.py", line 1166, in up
    return self.project.up(
  File "/usr/lib/python3/dist-packages/compose/project.py", line 697, in up
    results, errors = parallel.parallel_execute(
  File "/usr/lib/python3/dist-packages/compose/parallel.py", line 108, in parallel_execute
    raise error_to_reraise
  File "/usr/lib/python3/dist-packages/compose/parallel.py", line 206, in producer
    result = func(obj)
  File "/usr/lib/python3/dist-packages/compose/project.py", line 679, in do
    return service.execute_convergence_plan(
  File "/usr/lib/python3/dist-packages/compose/service.py", line 579, in execute_convergence_plan
    return self._execute_convergence_recreate(
  File "/usr/lib/python3/dist-packages/compose/service.py", line 499, in _execute_convergence_recreate
    containers, errors = parallel_execute(
  File "/usr/lib/python3/dist-packages/compose/parallel.py", line 108, in parallel_execute
    raise error_to_reraise
  File "/usr/lib/python3/dist-packages/compose/parallel.py", line 206, in producer
    result = func(obj)
  File "/usr/lib/python3/dist-packages/compose/service.py", line 494, in recreate
    return self.recreate_container(
  File "/usr/lib/python3/dist-packages/compose/service.py", line 612, in recreate_container
    new_container = self.create_container(
  File "/usr/lib/python3/dist-packages/compose/service.py", line 330, in create_container
    container_options = self._get_container_create_options(
  File "/usr/lib/python3/dist-packages/compose/service.py", line 921, in _get_container_create_options
    container_options, override_options = self._build_container_volume_options(
  File "/usr/lib/python3/dist-packages/compose/service.py", line 960, in _build_container_volume_options
    binds, affinity = merge_volume_bindings(
  File "/usr/lib/python3/dist-packages/compose/service.py", line 1548, in merge_volume_bindings
    old_volumes, old_mounts = get_container_data_volumes(
  File "/usr/lib/python3/dist-packages/compose/service.py", line 1579, in get_container_data_volumes
    container.image_config['ContainerConfig'].get('Volumes') or {}
KeyError: 'ContainerConfig'
[0;31m✘[0m Thu Mar 12 18:28:01 UTC 2026: Site is [0;31mDOWN (000)[0m. [1;33mTrying to Restart devops-lab_app-web_1...[0m
Error response from daemon: No such container: devops-lab_app-web_1
devops-lab_redis-cache_1 is up-to-date
Recreating 901f28152ac5_devops-lab_app-web_1 ... 
devops-lab_database-sim_1 is up-to-date

ERROR: for 901f28152ac5_devops-lab_app-web_1  'ContainerConfig'

ERROR: for app-web  'ContainerConfig'
Traceback (most recent call last):
  File "/usr/bin/docker-compose", line 33, in <module>
    sys.exit(load_entry_point('docker-compose==1.29.2', 'console_scripts', 'docker-compose')())
  File "/usr/lib/python3/dist-packages/compose/cli/main.py", line 81, in main
    command_func()
  File "/usr/lib/python3/dist-packages/compose/cli/main.py", line 203, in perform_command
    handler(command, command_options)
  File "/usr/lib/python3/dist-packages/compose/metrics/decorator.py", line 18, in wrapper
    result = fn(*args, **kwargs)
  File "/usr/lib/python3/dist-packages/compose/cli/main.py", line 1186, in up
    to_attach = up(False)
  File "/usr/lib/python3/dist-packages/compose/cli/main.py", line 1166, in up
    return self.project.up(
  File "/usr/lib/python3/dist-packages/compose/project.py", line 697, in up
    results, errors = parallel.parallel_execute(
  File "/usr/lib/python3/dist-packages/compose/parallel.py", line 108, in parallel_execute
    raise error_to_reraise
  File "/usr/lib/python3/dist-packages/compose/parallel.py", line 206, in producer
    result = func(obj)
  File "/usr/lib/python3/dist-packages/compose/project.py", line 679, in do
    return service.execute_convergence_plan(
  File "/usr/lib/python3/dist-packages/compose/service.py", line 579, in execute_convergence_plan
    return self._execute_convergence_recreate(
  File "/usr/lib/python3/dist-packages/compose/service.py", line 499, in _execute_convergence_recreate
    containers, errors = parallel_execute(
  File "/usr/lib/python3/dist-packages/compose/parallel.py", line 108, in parallel_execute
    raise error_to_reraise
  File "/usr/lib/python3/dist-packages/compose/parallel.py", line 206, in producer
    result = func(obj)
  File "/usr/lib/python3/dist-packages/compose/service.py", line 494, in recreate
    return self.recreate_container(
  File "/usr/lib/python3/dist-packages/compose/service.py", line 612, in recreate_container
    new_container = self.create_container(
  File "/usr/lib/python3/dist-packages/compose/service.py", line 330, in create_container
    container_options = self._get_container_create_options(
  File "/usr/lib/python3/dist-packages/compose/service.py", line 921, in _get_container_create_options
    container_options, override_options = self._build_container_volume_options(
  File "/usr/lib/python3/dist-packages/compose/service.py", line 960, in _build_container_volume_options
    binds, affinity = merge_volume_bindings(
  File "/usr/lib/python3/dist-packages/compose/service.py", line 1548, in merge_volume_bindings
    old_volumes, old_mounts = get_container_data_volumes(
  File "/usr/lib/python3/dist-packages/compose/service.py", line 1579, in get_container_data_volumes
    container.image_config['ContainerConfig'].get('Volumes') or {}
KeyError: 'ContainerConfig'
[0;31m✘[0m Thu Mar 12 18:29:01 UTC 2026: Site is [0;31mDOWN (000)[0m. [1;33mTrying to Restart devops-lab_app-web_1...[0m
Error response from daemon: No such container: devops-lab_app-web_1
devops-lab_redis-cache_1 is up-to-date
Recreating 901f28152ac5_devops-lab_app-web_1 ... 
devops-lab_database-sim_1 is up-to-date

ERROR: for 901f28152ac5_devops-lab_app-web_1  'ContainerConfig'

ERROR: for app-web  'ContainerConfig'
Traceback (most recent call last):
  File "/usr/bin/docker-compose", line 33, in <module>
    sys.exit(load_entry_point('docker-compose==1.29.2', 'console_scripts', 'docker-compose')())
  File "/usr/lib/python3/dist-packages/compose/cli/main.py", line 81, in main
    command_func()
  File "/usr/lib/python3/dist-packages/compose/cli/main.py", line 203, in perform_command
    handler(command, command_options)
  File "/usr/lib/python3/dist-packages/compose/metrics/decorator.py", line 18, in wrapper
    result = fn(*args, **kwargs)
  File "/usr/lib/python3/dist-packages/compose/cli/main.py", line 1186, in up
    to_attach = up(False)
  File "/usr/lib/python3/dist-packages/compose/cli/main.py", line 1166, in up
    return self.project.up(
  File "/usr/lib/python3/dist-packages/compose/project.py", line 697, in up
    results, errors = parallel.parallel_execute(
  File "/usr/lib/python3/dist-packages/compose/parallel.py", line 108, in parallel_execute
    raise error_to_reraise
  File "/usr/lib/python3/dist-packages/compose/parallel.py", line 206, in producer
    result = func(obj)
  File "/usr/lib/python3/dist-packages/compose/project.py", line 679, in do
    return service.execute_convergence_plan(
  File "/usr/lib/python3/dist-packages/compose/service.py", line 579, in execute_convergence_plan
    return self._execute_convergence_recreate(
  File "/usr/lib/python3/dist-packages/compose/service.py", line 499, in _execute_convergence_recreate
    containers, errors = parallel_execute(
  File "/usr/lib/python3/dist-packages/compose/parallel.py", line 108, in parallel_execute
    raise error_to_reraise
  File "/usr/lib/python3/dist-packages/compose/parallel.py", line 206, in producer
    result = func(obj)
  File "/usr/lib/python3/dist-packages/compose/service.py", line 494, in recreate
    return self.recreate_container(
  File "/usr/lib/python3/dist-packages/compose/service.py", line 612, in recreate_container
    new_container = self.create_container(
  File "/usr/lib/python3/dist-packages/compose/service.py", line 330, in create_container
    container_options = self._get_container_create_options(
  File "/usr/lib/python3/dist-packages/compose/service.py", line 921, in _get_container_create_options
    container_options, override_options = self._build_container_volume_options(
  File "/usr/lib/python3/dist-packages/compose/service.py", line 960, in _build_container_volume_options
    binds, affinity = merge_volume_bindings(
  File "/usr/lib/python3/dist-packages/compose/service.py", line 1548, in merge_volume_bindings
    old_volumes, old_mounts = get_container_data_volumes(
  File "/usr/lib/python3/dist-packages/compose/service.py", line 1579, in get_container_data_volumes
    container.image_config['ContainerConfig'].get('Volumes') or {}
KeyError: 'ContainerConfig'
[0;31m✘[0m Thu Mar 12 18:30:01 UTC 2026: Site is [0;31mDOWN (000)[0m. [1;33mTrying to Restart devops-lab_app-web_1...[0m
Error response from daemon: No such container: devops-lab_app-web_1
devops-lab_database-sim_1 is up-to-date
Recreating 901f28152ac5_devops-lab_app-web_1 ... 
devops-lab_redis-cache_1 is up-to-date

ERROR: for 901f28152ac5_devops-lab_app-web_1  'ContainerConfig'

ERROR: for app-web  'ContainerConfig'
Traceback (most recent call last):
  File "/usr/bin/docker-compose", line 33, in <module>
    sys.exit(load_entry_point('docker-compose==1.29.2', 'console_scripts', 'docker-compose')())
  File "/usr/lib/python3/dist-packages/compose/cli/main.py", line 81, in main
    command_func()
  File "/usr/lib/python3/dist-packages/compose/cli/main.py", line 203, in perform_command
    handler(command, command_options)
  File "/usr/lib/python3/dist-packages/compose/metrics/decorator.py", line 18, in wrapper
    result = fn(*args, **kwargs)
  File "/usr/lib/python3/dist-packages/compose/cli/main.py", line 1186, in up
    to_attach = up(False)
  File "/usr/lib/python3/dist-packages/compose/cli/main.py", line 1166, in up
    return self.project.up(
  File "/usr/lib/python3/dist-packages/compose/project.py", line 697, in up
    results, errors = parallel.parallel_execute(
  File "/usr/lib/python3/dist-packages/compose/parallel.py", line 108, in parallel_execute
    raise error_to_reraise
  File "/usr/lib/python3/dist-packages/compose/parallel.py", line 206, in producer
    result = func(obj)
  File "/usr/lib/python3/dist-packages/compose/project.py", line 679, in do
    return service.execute_convergence_plan(
  File "/usr/lib/python3/dist-packages/compose/service.py", line 579, in execute_convergence_plan
    return self._execute_convergence_recreate(
  File "/usr/lib/python3/dist-packages/compose/service.py", line 499, in _execute_convergence_recreate
    containers, errors = parallel_execute(
  File "/usr/lib/python3/dist-packages/compose/parallel.py", line 108, in parallel_execute
    raise error_to_reraise
  File "/usr/lib/python3/dist-packages/compose/parallel.py", line 206, in producer
    result = func(obj)
  File "/usr/lib/python3/dist-packages/compose/service.py", line 494, in recreate
    return self.recreate_container(
  File "/usr/lib/python3/dist-packages/compose/service.py", line 612, in recreate_container
    new_container = self.create_container(
  File "/usr/lib/python3/dist-packages/compose/service.py", line 330, in create_container
    container_options = self._get_container_create_options(
  File "/usr/lib/python3/dist-packages/compose/service.py", line 921, in _get_container_create_options
    container_options, override_options = self._build_container_volume_options(
  File "/usr/lib/python3/dist-packages/compose/service.py", line 960, in _build_container_volume_options
    binds, affinity = merge_volume_bindings(
  File "/usr/lib/python3/dist-packages/compose/service.py", line 1548, in merge_volume_bindings
    old_volumes, old_mounts = get_container_data_volumes(
  File "/usr/lib/python3/dist-packages/compose/service.py", line 1579, in get_container_data_volumes
    container.image_config['ContainerConfig'].get('Volumes') or {}
KeyError: 'ContainerConfig'
[0;31m✘[0m Thu Mar 12 18:31:01 UTC 2026: Site is [0;31mDOWN (000)[0m. [1;33mTrying to Restart devops-lab_app-web_1...[0m
Error response from daemon: No such container: devops-lab_app-web_1
devops-lab_redis-cache_1 is up-to-date
Recreating 901f28152ac5_devops-lab_app-web_1 ... 
devops-lab_database-sim_1 is up-to-date

ERROR: for 901f28152ac5_devops-lab_app-web_1  'ContainerConfig'

ERROR: for app-web  'ContainerConfig'
Traceback (most recent call last):
  File "/usr/bin/docker-compose", line 33, in <module>
    sys.exit(load_entry_point('docker-compose==1.29.2', 'console_scripts', 'docker-compose')())
  File "/usr/lib/python3/dist-packages/compose/cli/main.py", line 81, in main
    command_func()
  File "/usr/lib/python3/dist-packages/compose/cli/main.py", line 203, in perform_command
    handler(command, command_options)
  File "/usr/lib/python3/dist-packages/compose/metrics/decorator.py", line 18, in wrapper
    result = fn(*args, **kwargs)
  File "/usr/lib/python3/dist-packages/compose/cli/main.py", line 1186, in up
    to_attach = up(False)
  File "/usr/lib/python3/dist-packages/compose/cli/main.py", line 1166, in up
    return self.project.up(
  File "/usr/lib/python3/dist-packages/compose/project.py", line 697, in up
    results, errors = parallel.parallel_execute(
  File "/usr/lib/python3/dist-packages/compose/parallel.py", line 108, in parallel_execute
    raise error_to_reraise
  File "/usr/lib/python3/dist-packages/compose/parallel.py", line 206, in producer
    result = func(obj)
  File "/usr/lib/python3/dist-packages/compose/project.py", line 679, in do
    return service.execute_convergence_plan(
  File "/usr/lib/python3/dist-packages/compose/service.py", line 579, in execute_convergence_plan
    return self._execute_convergence_recreate(
  File "/usr/lib/python3/dist-packages/compose/service.py", line 499, in _execute_convergence_recreate
    containers, errors = parallel_execute(
  File "/usr/lib/python3/dist-packages/compose/parallel.py", line 108, in parallel_execute
    raise error_to_reraise
  File "/usr/lib/python3/dist-packages/compose/parallel.py", line 206, in producer
    result = func(obj)
  File "/usr/lib/python3/dist-packages/compose/service.py", line 494, in recreate
    return self.recreate_container(
  File "/usr/lib/python3/dist-packages/compose/service.py", line 612, in recreate_container
    new_container = self.create_container(
  File "/usr/lib/python3/dist-packages/compose/service.py", line 330, in create_container
    container_options = self._get_container_create_options(
  File "/usr/lib/python3/dist-packages/compose/service.py", line 921, in _get_container_create_options
    container_options, override_options = self._build_container_volume_options(
  File "/usr/lib/python3/dist-packages/compose/service.py", line 960, in _build_container_volume_options
    binds, affinity = merge_volume_bindings(
  File "/usr/lib/python3/dist-packages/compose/service.py", line 1548, in merge_volume_bindings
    old_volumes, old_mounts = get_container_data_volumes(
  File "/usr/lib/python3/dist-packages/compose/service.py", line 1579, in get_container_data_volumes
    container.image_config['ContainerConfig'].get('Volumes') or {}
KeyError: 'ContainerConfig'
[0;31m✘[0m Thu Mar 12 18:32:01 UTC 2026: Site is [0;31mDOWN (000)[0m. [1;33mTrying to Restart devops-lab_app-web_1...[0m
Error response from daemon: No such container: devops-lab_app-web_1
devops-lab_redis-cache_1 is up-to-date
devops-lab_database-sim_1 is up-to-date
Recreating 901f28152ac5_devops-lab_app-web_1 ... 

ERROR: for 901f28152ac5_devops-lab_app-web_1  'ContainerConfig'

ERROR: for app-web  'ContainerConfig'
Traceback (most recent call last):
  File "/usr/bin/docker-compose", line 33, in <module>
    sys.exit(load_entry_point('docker-compose==1.29.2', 'console_scripts', 'docker-compose')())
  File "/usr/lib/python3/dist-packages/compose/cli/main.py", line 81, in main
    command_func()
  File "/usr/lib/python3/dist-packages/compose/cli/main.py", line 203, in perform_command
    handler(command, command_options)
  File "/usr/lib/python3/dist-packages/compose/metrics/decorator.py", line 18, in wrapper
    result = fn(*args, **kwargs)
  File "/usr/lib/python3/dist-packages/compose/cli/main.py", line 1186, in up
    to_attach = up(False)
  File "/usr/lib/python3/dist-packages/compose/cli/main.py", line 1166, in up
    return self.project.up(
  File "/usr/lib/python3/dist-packages/compose/project.py", line 697, in up
    results, errors = parallel.parallel_execute(
  File "/usr/lib/python3/dist-packages/compose/parallel.py", line 108, in parallel_execute
    raise error_to_reraise
  File "/usr/lib/python3/dist-packages/compose/parallel.py", line 206, in producer
    result = func(obj)
  File "/usr/lib/python3/dist-packages/compose/project.py", line 679, in do
    return service.execute_convergence_plan(
  File "/usr/lib/python3/dist-packages/compose/service.py", line 579, in execute_convergence_plan
    return self._execute_convergence_recreate(
  File "/usr/lib/python3/dist-packages/compose/service.py", line 499, in _execute_convergence_recreate
    containers, errors = parallel_execute(
  File "/usr/lib/python3/dist-packages/compose/parallel.py", line 108, in parallel_execute
    raise error_to_reraise
  File "/usr/lib/python3/dist-packages/compose/parallel.py", line 206, in producer
    result = func(obj)
  File "/usr/lib/python3/dist-packages/compose/service.py", line 494, in recreate
    return self.recreate_container(
  File "/usr/lib/python3/dist-packages/compose/service.py", line 612, in recreate_container
    new_container = self.create_container(
  File "/usr/lib/python3/dist-packages/compose/service.py", line 330, in create_container
    container_options = self._get_container_create_options(
  File "/usr/lib/python3/dist-packages/compose/service.py", line 921, in _get_container_create_options
    container_options, override_options = self._build_container_volume_options(
  File "/usr/lib/python3/dist-packages/compose/service.py", line 960, in _build_container_volume_options
    binds, affinity = merge_volume_bindings(
  File "/usr/lib/python3/dist-packages/compose/service.py", line 1548, in merge_volume_bindings
    old_volumes, old_mounts = get_container_data_volumes(
  File "/usr/lib/python3/dist-packages/compose/service.py", line 1579, in get_container_data_volumes
    container.image_config['ContainerConfig'].get('Volumes') or {}
KeyError: 'ContainerConfig'
[0;31m✘[0m Thu Mar 12 18:33:01 UTC 2026: Site is [0;31mDOWN (000)[0m. [1;33mTrying to Restart devops-lab_app-web_1...[0m
Error response from daemon: No such container: devops-lab_app-web_1
devops-lab_redis-cache_1 is up-to-date
Recreating 901f28152ac5_devops-lab_app-web_1 ... 
devops-lab_database-sim_1 is up-to-date

ERROR: for 901f28152ac5_devops-lab_app-web_1  'ContainerConfig'

ERROR: for app-web  'ContainerConfig'
Traceback (most recent call last):
  File "/usr/bin/docker-compose", line 33, in <module>
    sys.exit(load_entry_point('docker-compose==1.29.2', 'console_scripts', 'docker-compose')())
  File "/usr/lib/python3/dist-packages/compose/cli/main.py", line 81, in main
    command_func()
  File "/usr/lib/python3/dist-packages/compose/cli/main.py", line 203, in perform_command
    handler(command, command_options)
  File "/usr/lib/python3/dist-packages/compose/metrics/decorator.py", line 18, in wrapper
    result = fn(*args, **kwargs)
  File "/usr/lib/python3/dist-packages/compose/cli/main.py", line 1186, in up
    to_attach = up(False)
  File "/usr/lib/python3/dist-packages/compose/cli/main.py", line 1166, in up
    return self.project.up(
  File "/usr/lib/python3/dist-packages/compose/project.py", line 697, in up
    results, errors = parallel.parallel_execute(
  File "/usr/lib/python3/dist-packages/compose/parallel.py", line 108, in parallel_execute
    raise error_to_reraise
  File "/usr/lib/python3/dist-packages/compose/parallel.py", line 206, in producer
    result = func(obj)
  File "/usr/lib/python3/dist-packages/compose/project.py", line 679, in do
    return service.execute_convergence_plan(
  File "/usr/lib/python3/dist-packages/compose/service.py", line 579, in execute_convergence_plan
    return self._execute_convergence_recreate(
  File "/usr/lib/python3/dist-packages/compose/service.py", line 499, in _execute_convergence_recreate
    containers, errors = parallel_execute(
  File "/usr/lib/python3/dist-packages/compose/parallel.py", line 108, in parallel_execute
    raise error_to_reraise
  File "/usr/lib/python3/dist-packages/compose/parallel.py", line 206, in producer
    result = func(obj)
  File "/usr/lib/python3/dist-packages/compose/service.py", line 494, in recreate
    return self.recreate_container(
  File "/usr/lib/python3/dist-packages/compose/service.py", line 612, in recreate_container
    new_container = self.create_container(
  File "/usr/lib/python3/dist-packages/compose/service.py", line 330, in create_container
    container_options = self._get_container_create_options(
  File "/usr/lib/python3/dist-packages/compose/service.py", line 921, in _get_container_create_options
    container_options, override_options = self._build_container_volume_options(
  File "/usr/lib/python3/dist-packages/compose/service.py", line 960, in _build_container_volume_options
    binds, affinity = merge_volume_bindings(
  File "/usr/lib/python3/dist-packages/compose/service.py", line 1548, in merge_volume_bindings
    old_volumes, old_mounts = get_container_data_volumes(
  File "/usr/lib/python3/dist-packages/compose/service.py", line 1579, in get_container_data_volumes
    container.image_config['ContainerConfig'].get('Volumes') or {}
KeyError: 'ContainerConfig'
[0;31m✘[0m Thu Mar 12 18:34:01 UTC 2026: Site is [0;31mDOWN (000)[0m. [1;33mTrying to Restart devops-lab_app-web_1...[0m
Error response from daemon: No such container: devops-lab_app-web_1
devops-lab_redis-cache_1 is up-to-date
Recreating 901f28152ac5_devops-lab_app-web_1 ... 
devops-lab_database-sim_1 is up-to-date

ERROR: for 901f28152ac5_devops-lab_app-web_1  'ContainerConfig'

ERROR: for app-web  'ContainerConfig'
Traceback (most recent call last):
  File "/usr/bin/docker-compose", line 33, in <module>
    sys.exit(load_entry_point('docker-compose==1.29.2', 'console_scripts', 'docker-compose')())
  File "/usr/lib/python3/dist-packages/compose/cli/main.py", line 81, in main
    command_func()
  File "/usr/lib/python3/dist-packages/compose/cli/main.py", line 203, in perform_command
    handler(command, command_options)
  File "/usr/lib/python3/dist-packages/compose/metrics/decorator.py", line 18, in wrapper
    result = fn(*args, **kwargs)
  File "/usr/lib/python3/dist-packages/compose/cli/main.py", line 1186, in up
    to_attach = up(False)
  File "/usr/lib/python3/dist-packages/compose/cli/main.py", line 1166, in up
    return self.project.up(
  File "/usr/lib/python3/dist-packages/compose/project.py", line 697, in up
    results, errors = parallel.parallel_execute(
  File "/usr/lib/python3/dist-packages/compose/parallel.py", line 108, in parallel_execute
    raise error_to_reraise
  File "/usr/lib/python3/dist-packages/compose/parallel.py", line 206, in producer
    result = func(obj)
  File "/usr/lib/python3/dist-packages/compose/project.py", line 679, in do
    return service.execute_convergence_plan(
  File "/usr/lib/python3/dist-packages/compose/service.py", line 579, in execute_convergence_plan
    return self._execute_convergence_recreate(
  File "/usr/lib/python3/dist-packages/compose/service.py", line 499, in _execute_convergence_recreate
    containers, errors = parallel_execute(
  File "/usr/lib/python3/dist-packages/compose/parallel.py", line 108, in parallel_execute
    raise error_to_reraise
  File "/usr/lib/python3/dist-packages/compose/parallel.py", line 206, in producer
    result = func(obj)
  File "/usr/lib/python3/dist-packages/compose/service.py", line 494, in recreate
    return self.recreate_container(
  File "/usr/lib/python3/dist-packages/compose/service.py", line 612, in recreate_container
    new_container = self.create_container(
  File "/usr/lib/python3/dist-packages/compose/service.py", line 330, in create_container
    container_options = self._get_container_create_options(
  File "/usr/lib/python3/dist-packages/compose/service.py", line 921, in _get_container_create_options
    container_options, override_options = self._build_container_volume_options(
  File "/usr/lib/python3/dist-packages/compose/service.py", line 960, in _build_container_volume_options
    binds, affinity = merge_volume_bindings(
  File "/usr/lib/python3/dist-packages/compose/service.py", line 1548, in merge_volume_bindings
    old_volumes, old_mounts = get_container_data_volumes(
  File "/usr/lib/python3/dist-packages/compose/service.py", line 1579, in get_container_data_volumes
    container.image_config['ContainerConfig'].get('Volumes') or {}
KeyError: 'ContainerConfig'
[0;31m✘[0m Thu Mar 12 18:35:01 UTC 2026: Site is [0;31mDOWN (000)[0m. [1;33mTrying to Restart devops-lab_app-web_1...[0m
Error response from daemon: No such container: devops-lab_app-web_1
b41d9cee3626_devops-lab_database-sim_1 is up-to-date
Recreating 901f28152ac5_devops-lab_app-web_1 ... 
aec3cfc91626_devops-lab_redis-cache_1 is up-to-date

ERROR: for 901f28152ac5_devops-lab_app-web_1  'ContainerConfig'

ERROR: for app-web  'ContainerConfig'
Traceback (most recent call last):
  File "/usr/bin/docker-compose", line 33, in <module>
    sys.exit(load_entry_point('docker-compose==1.29.2', 'console_scripts', 'docker-compose')())
  File "/usr/lib/python3/dist-packages/compose/cli/main.py", line 81, in main
    command_func()
  File "/usr/lib/python3/dist-packages/compose/cli/main.py", line 203, in perform_command
    handler(command, command_options)
  File "/usr/lib/python3/dist-packages/compose/metrics/decorator.py", line 18, in wrapper
    result = fn(*args, **kwargs)
  File "/usr/lib/python3/dist-packages/compose/cli/main.py", line 1186, in up
    to_attach = up(False)
  File "/usr/lib/python3/dist-packages/compose/cli/main.py", line 1166, in up
    return self.project.up(
  File "/usr/lib/python3/dist-packages/compose/project.py", line 697, in up
    results, errors = parallel.parallel_execute(
  File "/usr/lib/python3/dist-packages/compose/parallel.py", line 108, in parallel_execute
    raise error_to_reraise
  File "/usr/lib/python3/dist-packages/compose/parallel.py", line 206, in producer
    result = func(obj)
  File "/usr/lib/python3/dist-packages/compose/project.py", line 679, in do
    return service.execute_convergence_plan(
  File "/usr/lib/python3/dist-packages/compose/service.py", line 579, in execute_convergence_plan
    return self._execute_convergence_recreate(
  File "/usr/lib/python3/dist-packages/compose/service.py", line 499, in _execute_convergence_recreate
    containers, errors = parallel_execute(
  File "/usr/lib/python3/dist-packages/compose/parallel.py", line 108, in parallel_execute
    raise error_to_reraise
  File "/usr/lib/python3/dist-packages/compose/parallel.py", line 206, in producer
    result = func(obj)
  File "/usr/lib/python3/dist-packages/compose/service.py", line 494, in recreate
    return self.recreate_container(
  File "/usr/lib/python3/dist-packages/compose/service.py", line 612, in recreate_container
    new_container = self.create_container(
  File "/usr/lib/python3/dist-packages/compose/service.py", line 330, in create_container
    container_options = self._get_container_create_options(
  File "/usr/lib/python3/dist-packages/compose/service.py", line 921, in _get_container_create_options
    container_options, override_options = self._build_container_volume_options(
  File "/usr/lib/python3/dist-packages/compose/service.py", line 960, in _build_container_volume_options
    binds, affinity = merge_volume_bindings(
  File "/usr/lib/python3/dist-packages/compose/service.py", line 1548, in merge_volume_bindings
    old_volumes, old_mounts = get_container_data_volumes(
  File "/usr/lib/python3/dist-packages/compose/service.py", line 1579, in get_container_data_volumes
    container.image_config['ContainerConfig'].get('Volumes') or {}
KeyError: 'ContainerConfig'
[0;31m✘[0m Thu Mar 12 18:36:01 UTC 2026: Site is [0;31mDOWN (000)[0m. [1;33mTrying to Restart devops-lab_app-web_1...[0m
Error response from daemon: No such container: devops-lab_app-web_1
Creating network "devops-lab_backend-net" with driver "bridge"
Creating devops-lab_database-sim_1 ... 
Creating devops-lab_app-web_1      ... 
Creating devops-lab_redis-cache_1  ... 
Creating devops-lab_app-web_1      ... done
Creating devops-lab_redis-cache_1  ... done
Creating devops-lab_database-sim_1 ... done
[0;32m✔[0m Thu Mar 12 18:37:01 UTC 2026: Site is [0;32mUP (200)[0m
[0;32m✔[0m Thu Mar 12 18:38:01 UTC 2026: Site is [0;32mUP (200)[0m
[0;32m✔[0m Thu Mar 12 18:39:02 UTC 2026: Site is [0;32mUP (200)[0m
[0;31m✘[0m Thu Mar 12 18:40:01 UTC 2026: Site is [0;31mDOWN (000)[0m. [1;33mTrying to Restart devops-lab_app-web_1...[0m
devops-lab_app-web_1
[0;32m✔[0m Thu Mar 12 18:41:01 UTC 2026: Site is [0;32mUP (200)[0m
[0;31m✘[0m Thu Mar 12 18:42:01 UTC 2026: Site is [0;31mDOWN (000)[0m. [1;33mTrying to Restart[0m devops-lab_app-web_1...
devops-lab_app-web_1
[0;32m✔[0m Thu Mar 12 18:43:01 UTC 2026: Site is [0;32mUP (200)[0m
[0;32m✔[0m Thu Mar 12 18:44:01 UTC 2026: Site is [0;32mUP (200)[0m
[0;32m✔[0m Thu Mar 12 18:45:01 UTC 2026: Site is [0;32mUP (200)[0m
[0;32m✔[0m Thu Mar 12 18:46:01 UTC 2026: Site is [0;32mUP (200)[0m
[0;32m✔[0m Thu Mar 12 18:47:01 UTC 2026: Site is [0;32mUP (200)[0m
[0;32m✔[0m Thu Mar 12 18:48:02 UTC 2026: Site is [0;32mUP (200)[0m
[0;32m✔[0m Thu Mar 12 18:49:01 UTC 2026: Site is [0;32mUP (200)[0m
[0;32m✔[0m Thu Mar 12 18:50:01 UTC 2026: Site is [0;32mUP (200)[0m
[0;32m✔[0m Thu Mar 12 18:51:01 UTC 2026: Site is [0;32mUP (200)[0m
[0;32m✔[0m Thu Mar 12 18:52:01 UTC 2026: Site is [0;32mUP (200)[0m
[0;32m✔[0m Thu Mar 12 18:53:01 UTC 2026: Site is [0;32mUP (200)[0m
[0;32m✔[0m Thu Mar 12 18:54:01 UTC 2026: Site is [0;32mUP (200)[0m
[0;31m✘[0m Thu Mar 12 18:55:01 UTC 2026: Site is [0;31mDOWN (000)[0m. [1;33mTrying to Restart[0m devops-lab_app-web_1...
Error response from daemon: No such container: devops-lab_app-web_1
[0;32m✔[0m Thu Mar 12 18:56:01 UTC 2026: Site is [0;32mUP (200)[0m
[0;32m✔[0m Thu Mar 12 18:57:01 UTC 2026: Site is [0;32mUP (200)[0m
[0;32m✔[0m Thu Mar 12 18:58:01 UTC 2026: Site is [0;32mUP (200)[0m
[0;32m✔[0m Thu Mar 12 18:59:01 UTC 2026: Site is [0;32mUP (200)[0m
[0;32m✔[0m Thu Mar 12 19:00:01 UTC 2026: Site is [0;32mUP (200)[0m
[0;32m✔[0m Thu Mar 12 19:01:01 UTC 2026: Site is [0;32mUP (200)[0m
[0;32m✔[0m Thu Mar 12 19:02:01 UTC 2026: Site is [0;32mUP (200)[0m
[0;32m✔[0m Thu Mar 12 19:03:01 UTC 2026: Site is [0;32mUP (200)[0m
[0;32m✔[0m Thu Mar 12 19:04:01 UTC 2026: Site is [0;32mUP (200)[0m
[0;32m✔[0m Thu Mar 12 19:05:01 UTC 2026: Site is [0;32mUP (200)[0m
[0;32m✔[0m Thu Mar 12 19:06:01 UTC 2026: Site is [0;32mUP (200)[0m
[0;32m✔[0m Thu Mar 12 19:07:01 UTC 2026: Site is [0;32mUP (200)[0m
[0;32m✔[0m Thu Mar 12 19:08:01 UTC 2026: Site is [0;32mUP (200)[0m
[0;31m✘[0m Thu Mar 12 19:09:01 UTC 2026: Site is [0;31mDOWN (000)[0m. [1;33mTrying to Restart[0m devops-lab_app-web_1...
Error response from daemon: No such container: devops-lab_app-web_1
Creating network "devops-lab_backend-net" with driver "bridge"
Creating devops-lab_database-sim_1 ... 
Creating devops-lab_app-web_1      ... 
Creating devops-lab_redis-cache_1  ... 
Creating devops-lab_database-sim_1 ... done
Creating devops-lab_redis-cache_1  ... done
Creating devops-lab_app-web_1      ... done
[0;32mRestarting DONE!!![0m
[0;32m✔[0m Thu Mar 12 19:10:01 UTC 2026: Site is [0;32mUP (200)[0m
[0;32m✔[0m Thu Mar 12 19:11:01 UTC 2026: Site is [0;32mUP (200)[0m
[0;32m✔[0m Thu Mar 12 19:12:01 UTC 2026: Site is [0;32mUP (200)[0m
[0;32m✔[0m Thu Mar 12 19:13:01 UTC 2026: Site is [0;32mUP (200)[0m
[0;32m✔[0m Thu Mar 12 19:14:01 UTC 2026: Site is [0;32mUP (200)[0m
[0;32m✔[0m Thu Mar 12 19:15:01 UTC 2026: Site is [0;32mUP (200)[0m
[0;32m✔[0m Thu Mar 12 19:16:01 UTC 2026: Site is [0;32mUP (200)[0m
[0;32m✔[0m Thu Mar 12 19:17:01 UTC 2026: Site is [0;32mUP (200)[0m
[0;32m✔[0m Thu Mar 12 19:18:01 UTC 2026: Site is [0;32mUP (200)[0m
[0;32m✔[0m Thu Mar 12 19:19:01 UTC 2026: Site is [0;32mUP (200)[0m
[0;32m✔[0m Thu Mar 12 19:20:01 UTC 2026: Site is [0;32mUP (200)[0m
[0;32m✔[0m Thu Mar 12 19:21:01 UTC 2026: Site is [0;32mUP (200)[0m
